// Jest Snapshot v1, https://jestjs.io/docs/snapshot-testing

exports[`core transformValues async 1`] = `
{
  "apikey": "1234 MOCK",
  "complex": [
    [
      "1 MOCK",
      {
        "data": [
          {
            "a": "4 MOCK",
            "b": [
              [
                "8 MOCK",
              ],
            ],
          },
        ],
      },
    ],
  ],
  "config": [
    {
      "data": "data MOCK",
    },
    {
      "data": "data2 MOCK",
    },
    "12345 MOCK",
    "78 MOCK",
  ],
  "data2": null,
  "database": {
    "password": "12345 MOCK",
    "user": "1234 MOCK",
  },
  "error": null,
  "errors": [
    [
      "1 MOCK",
      "2 MOCK",
      "3 MOCK",
    ],
  ],
  "keys": [
    "1234 MOCK",
    "123 MOCK",
  ],
  "password": "12344 MOCK",
}
`;

exports[`core transformValues sync 1`] = `
{
  "apikey": "1234 MOCK",
  "complex": [
    [
      "1 MOCK",
      {
        "data": [
          {
            "a": "4 MOCK",
            "b": [
              [
                "8 MOCK",
              ],
            ],
          },
        ],
      },
    ],
  ],
  "config": [
    {
      "data": "data MOCK",
    },
    {
      "data": "data2 MOCK",
    },
    "12345 MOCK",
    "78 MOCK",
  ],
  "data2": null,
  "database": {
    "password": "12345 MOCK",
    "user": "1234 MOCK",
  },
  "error": null,
  "errors": [
    [
      "1 MOCK",
      "2 MOCK",
      "3 MOCK",
    ],
  ],
  "keys": [
    "1234 MOCK",
    "123 MOCK",
  ],
  "password": "12344 MOCK",
}
`;
